ListTuplePunsTH.hs:14:2: warning: [GHC-39584]
forall a_0 . (a_0 :: Constraint)
forall a_1 . (a_1 :: GHC.Types.List *)
forall a_2 . (a_2 :: GHC.Tuple.Tuple2 * GHC.Types.Bool)
forall a_3 . (a_3 :: GHC.Tuple.Unit)
forall a_4 .
(a_4 :: (* -> GHC.Types.Bool) ->
        GHC.Tuple.Tuple2 * (* -> *) -> GHC.Types.Bool)
