hpc: can not find NonExistingModule in ./.hpc
CallStack (from HasCallStack):
  error, called at libraries/hpc/Trace/Hpc/Mix.hs:110:15 in hpc-0.7.0.1-inplace:Trace.Hpc.Mix
HasCallStack backtrace:
CallStack (from HasCallStack):
  collectBacktraces, called at libraries/ghc-internal/src/GHC/Internal/Exception.hs:89:13 in ghc-internal:GHC.Internal.Exception
  toExceptionWithBacktrace, called at libraries/ghc-internal/src/GHC/Internal/Exception.hs:125:3 in ghc-internal:GHC.Internal.Exception


