
T17879.hs:3:1: error: [GHC-94426]
    Invalid data constructor ‘Foo’ in type signature:
    you can only define data constructors in data type declarations.
    Suggested fix: Use a lowercase name
