
T21843e.hs:3:15: [GHC-31623]
    Unicode character '‚Äù' ('\8221') looks like '"' (Quotation Mark), but it is not
