
T21843f.hs:3:13: [GHC-31623]
    Unicode character 'â€˜' ('\8216') looks like ''' (Single Quote), but it is not
