
==================== Final STG: ====================
Foo.f :: forall {a}. a -> [GHC.Maybe.Maybe a]
[GblId, Arity=1, Str=<1L>, Unf=OtherCon []] =
    {} \r [x]
        case x of x1 [Dmd=SL] {
        __DEFAULT ->
        let {
          sat [Occ=Once1] :: GHC.Maybe.Maybe a
          [LclId, Unf=OtherCon []] =
              GHC.Maybe.Just! [x1]; } in
        let {
          sat [Occ=Once1] :: [GHC.Maybe.Maybe a]
          [LclId, Unf=OtherCon []] =
              :! [sat GHC.Types.[]];
        } in  : [sat sat];
        };


