<interactive>: unrecognised flag: -XCUSKS
did you mean one of:
  -XCUSKs

HasCallStack backtrace:
CallStack (from HasCallStack):
  collectBacktraces, called at libraries/ghc-internal/src/GHC/Internal/Exception.hs:89:13 in ghc-internal:GHC.Internal.Exception
  toExceptionWithBacktrace, called at libraries/ghc-internal/src/GHC/Internal/IO.hs:260:11 in ghc-internal:GHC.Internal.IO
  throwIO, called at compiler/GHC/Utils/Error.hs:512:19 in ghc-9.9-inplace:GHC.Utils.Error


1
