T21301: T21301.hs:(8,7)-(10,6): Non-exhaustive patterns in case

HasCallStack backtrace:
CallStack (from HasCallStack):
  collectBacktraces, called at libraries/ghc-internal/src/GHC/Internal/Exception.hs:89:13 in ghc-internal:GHC.Internal.Exception
  toExceptionWithBacktrace, called at libraries/ghc-internal/src/GHC/Internal/Exception.hs:81:32 in ghc-internal:GHC.Internal.Exception
  throw, called at libraries/ghc-internal/src/GHC/Internal/Control/Exception/Base.hs:422:30 in ghc-internal:GHC.Internal.Control.Exception.Base


