topHandler04: error
out-of-band
HasCallStack backtrace:
CallStack (from HasCallStack):
  collectBacktraces, called at libraries/ghc-internal/src/GHC/Internal/Exception.hs:89:13 in ghc-internal:GHC.Internal.Exception
  toExceptionWithBacktrace, called at libraries/ghc-internal/src/GHC/Internal/Exception.hs:81:32 in ghc-internal:GHC.Internal.Exception
  throw, called at topHandler04.hs:5:8 in main:Main


