ghc-e005-prog: foo
CallStack (from HasCallStack):
  error, called at ghc-e005.hs:12:10 in main:Main
HasCallStack backtrace:
CallStack (from HasCallStack):
  collectBacktraces, called at libraries/ghc-internal/src/GHC/Internal/Exception.hs:89:13 in ghc-internal:GHC.Internal.Exception
  toExceptionWithBacktrace, called at libraries/ghc-internal/src/GHC/Internal/IO.hs:260:11 in ghc-internal:GHC.Internal.IO
  throwIO, called at libraries/exceptions/src/Control/Monad/Catch.hs:371:12 in exceptions-0.10.7-inplace:Control.Monad.Catch
  throwM, called at libraries/exceptions/src/Control/Monad/Catch.hs:490:21 in exceptions-0.10.7-inplace:Control.Monad.Catch
  throwM, called at compiler/GHC/Driver/Monad.hs:167:54 in ghc-9.9-inplace:GHC.Driver.Monad
  a type signature in an instance, called at compiler/GHC/Driver/Monad.hs:167:54 in ghc-9.9-inplace:GHC.Driver.Monad
  throwM, called at libraries/exceptions/src/Control/Monad/Catch.hs:490:21 in exceptions-0.10.7-inplace:Control.Monad.Catch
  throwM, called at ghc/GHCi/UI/Monad.hs:288:15 in ghc-bin-9.9.20240223-inplace:GHCi.UI.Monad
  a type signature in an instance, called at ghc/GHCi/UI/Monad.hs:288:15 in ghc-bin-9.9.20240223-inplace:GHCi.UI.Monad
  throwM, called at libraries/exceptions/src/Control/Monad/Catch.hs:490:21 in exceptions-0.10.7-inplace:Control.Monad.Catch
  throwM, called at libraries/exceptions/src/Control/Monad/Catch.hs:490:21 in exceptions-0.10.7-inplace:Control.Monad.Catch
  throwM, called at libraries/exceptions/src/Control/Monad/Catch.hs:490:21 in exceptions-0.10.7-inplace:Control.Monad.Catch
  throwM, called at libraries/exceptions/src/Control/Monad/Catch.hs:490:21 in exceptions-0.10.7-inplace:Control.Monad.Catch
  throwM, called at libraries/exceptions/src/Control/Monad/Catch.hs:490:21 in exceptions-0.10.7-inplace:Control.Monad.Catch
  throwM, called at libraries/haskeline/System/Console/Haskeline/InputT.hs:53:39 in haskeline-0.8.2.1-inplace:System.Console.Haskeline.InputT
  a type signature in an instance, called at libraries/haskeline/System/Console/Haskeline/InputT.hs:53:39 in haskeline-0.8.2.1-inplace:System.Console.Haskeline.InputT
  throwM, called at ghc/GHCi/UI/Monad.hs:215:52 in ghc-bin-9.9.20240223-inplace:GHCi.UI.Monad


