dsrun007: dsrun007.hs:5:23-25: Missing field in record construction 

HasCallStack backtrace:
CallStack (from HasCallStack):
  collectBacktraces, called at libraries/ghc-internal/src/GHC/Internal/Exception.hs:89:13 in ghc-internal:GHC.Internal.Exception
  toExceptionWithBacktrace, called at libraries/ghc-internal/src/GHC/Internal/Exception.hs:81:32 in ghc-internal:GHC.Internal.Exception
  throw, called at libraries/ghc-internal/src/GHC/Internal/Control/Exception/Base.hs:420:30 in ghc-internal:GHC.Internal.Control.Exception.Base


