T20024: T20024.hs:2:12-32: Non-exhaustive guards in pattern binding

HasCallStack backtrace:
CallStack (from HasCallStack):
  collectBacktraces, called at libraries/ghc-internal/src/GHC/Internal/Exception.hs:89:13 in ghc-internal:GHC.Internal.Exception
  toExceptionWithBacktrace, called at libraries/ghc-internal/src/GHC/Internal/Exception.hs:81:32 in ghc-internal:GHC.Internal.Exception
  throw, called at libraries/ghc-internal/src/GHC/Internal/Control/Exception/Base.hs:419:30 in ghc-internal:GHC.Internal.Control.Exception.Base


