
==================== Tidy Core ====================
Result size of Tidy Core
  = {terms: 28, types: 15, coercions: 0, joins: 2/2}

-- RHS size: {terms: 2, types: 0, coercions: 0, joins: 0/0}
T22428.f1 :: Integer
[GblId,
 Unf=Unf{Src=<vanilla>, TopLvl=True,
         Value=True, ConLike=True, WorkFree=True, Expandable=True,
         Guidance=IF_ARGS [] 10 10}]
T22428.f1 = GHC.Num.Integer.IS 1#

-- RHS size: {terms: 24, types: 11, coercions: 0, joins: 2/2}
f :: Integer -> Integer -> Integer
[GblId,
 Arity=2,
 Str=<SL><SL>,
 Unf=Unf{Src=<vanilla>, TopLvl=True,
         Value=True, ConLike=True, WorkFree=True, Expandable=True,
         Guidance=IF_ARGS [0 0] 94 0}]
f = \ (x :: Integer) (y :: Integer) ->
      joinrec {
        go [InlPrag=INLINE (sat-args=1), Occ=LoopBreaker, Dmd=SC(S,L)]
          :: Integer -> Integer
        [LclId[JoinId(1)(Just [!])],
         Arity=1,
         Str=<SL>,
         Unf=Unf{Src=StableUser, TopLvl=False,
                 Value=True, ConLike=True, WorkFree=True, Expandable=True,
                 Guidance=ALWAYS_IF(arity=1,unsat_ok=False,boring_ok=False)}]
        go (ds :: Integer)
          = join {
              $j [Dmd=ML] :: Integer
              [LclId[JoinId(0)(Nothing)]]
              $j = jump go (GHC.Num.Integer.integerSub ds T22428.f1) } in
            case ds of {
              GHC.Num.Integer.IS x1 ->
                case x1 of {
                  __DEFAULT -> jump $j;
                  0# -> x
                };
              GHC.Num.Integer.IP x1 -> jump $j;
              GHC.Num.Integer.IN x1 -> jump $j
            }; } in
      jump go y
