parsePlugin(a,b)
interfacePlugin: Prelude
interfacePlugin: GHC.Base
interfacePlugin: GHC.Float
interfacePlugin: GHC.TypeLits
interfacePlugin: GHC.TypeNats
interfacePlugin: GHC.Prim.Ext
typeCheckPlugin (rn)
typeCheckPlugin (tc)
interfacePlugin: GHC.Num.BigNat
