Without -fignore-asserts
[1 of 2] Compiling Main             ( main.hs, main.o )
[2 of 2] Linking main
main: Assertion failed
CallStack (from HasCallStack):
  assert, called at main.hs:3:8 in main:Main


With -fignore-asserts
[1 of 2] Compiling Main             ( main.hs, main.o ) [Optimisation flags changed]
[2 of 2] Linking main [Objects changed]
OK
Without -fignore-asserts
[1 of 2] Compiling Main             ( main.hs, main.o ) [Optimisation flags changed]
[2 of 2] Linking main [Objects changed]
main: Assertion failed
CallStack (from HasCallStack):
  assert, called at main.hs:3:8 in main:Main


